
> prod
> npm run production


> production
> mix --production

i Compiling Mix

[1;1H[0J
                         
   Laravel Mix v6.0.49   
                         

✔ Compiled Successfully in 3296ms
[90m┌───────────────────────────────────[39m[90m┬───────────┐[39m
[90m│[39m                              File [90m│[39m Size      [90m│[39m
[90m├───────────────────────────────────[39m[90m┼───────────┤[39m
[90m│[39m                        /js/app.js [90m│[39m 178 KiB   [90m│[39m
[90m│[39m            /js/app.js.LICENSE.txt [90m│[39m 634 bytes [90m│[39m
[90m│[39m                       css/app.css [90m│[39m 51 KiB    [90m│[39m
[90m└───────────────────────────────────[39m[90m┴───────────┘[39m
√ Mix: Compiled successfully in 3.37s
webpack compiled [1m[32msuccessfully[39m[22m
